// Vitest Snapshot v1, https://vitest.dev/guide/snapshot.html

exports[`<Page /> > should render page with all components 1`] = `
<div>
  <div
    class="chakra-stack css-kmvjml"
  >
    <h2
      class="chakra-heading css-0"
    >
      ATM
    </h2>
    <div>
      PinInput
    </div>
  </div>
  <div>
    Pad
  </div>
</div>
`;
